1121 FRI

<Git>

git init 시 .git 파일이 생기며 git에 대한 정보가 저장된 파일이다.
git에 대해 초기화를 하고 싶을 때는 .git을 삭제하면 된다.

git log 시 커밋 해시값이 출력된다.
commit 43f96f17372552d1ff20471e68e43aa228ee7876


### Reset
해당시점으로 돌아감 (커밋을 삭제함)

- 코드 앞 4자만 입력해도됨
- --hard  옵션은 파일까지 완전 삭제

$ git reset --hard 해시값
$ git reset --hard f6f39e7100eccabce850d7feaf78b418cbb2e46a


### Revert
새로운 커밋을 추가함 (중간의 해당 행적만 삭제함)

```bash
$ git revert 해시값
```

- revert에서 충돌나는 경우 revert 안된다.(수정 후 revert)
- 해당 commit 내역이 제외됐다고 이력이 추가된다


<git RESET과 REVERT>
git reset과 git revert는 둘 다 변경사항을 되돌리는 명령어지만, 동작 방식이 다릅니다.
git reset은 커밋 히스토리 자체를 과거로 되돌립니다. 
지정한 커밋 이후의 기록이 사라지기 때문에, 혼자 작업하는 로컬 브랜치에서 주로 사용합니다. 
이미 push한 커밋을 reset하면 다른 사람의 작업과 충돌이 생길 수 있어 위험합니다.
git revert는 특정 커밋의 변경사항을 취소하는 새로운 커밋을 만듭니다. 기존 히스토리는 그대로 유지되므로, 이미 공유된 브랜치에서 안전하게 사용할 수 있습니다.
간단히 말해, reset은 "없었던 일로" 만들고, revert는 "되돌리는 기록을 남기며" 취소합니다. 협업 환경에서는 revert가 더 안전한 선택입니다.


<Revert의 동작>
ver1 -> ver2 -> ver3이 있을 때
git revert ver3 : ver3 동작을 취소하고 ver2로 되돌아간다, 종료 시 :wq로 저장을 하면 commit이 되며 ver4가 생겨난다. (ver4의 내용 = ver2의 내용, ver4는 ver3을 취소한 동작을 커밋한 것이다)
git revert ver3 종료 시 :q로 저장을 하지 않으면 그대로 ver1 -> ver2 -> ver3까지만 남아있으며 되돌아가기가 적용되지 않는다.


<git branch> 
git branch : 현재 브랜치 목록들 출력
git switch 브랜치명 : 현재 브랜치 종료

git merge : 수정한 내용을 원래 브랜치에 병합 (커밋
새로운 브랜치에서 작업을 완료 후 다시 main 브랜치로 돌아와서 새로 생성했던 브랜치를 병합하여 커밋하는 방식으로 동작한다.


<git ignore>
DB 같은 경우는 db 정보 (password 등)를 git에 저장하지 않아야 한다 => git ignore
버전 관리를 하지 않아도 되는 경우 : 파일 관리, 이클립스나 인텔리제이 설정 파일 등 => git ignore   (IDE 설정 파일을 git에 업로드 시 해당 파일을 사용하는 다른 개발자가 설정 파일을 덮어씌우게 되어 설정이 달라진다)
스프링부트의 application.properties => 저장하지 않아야 한다.

.gitignore 파일에 db.properties 등을 넣는다. // .을 파일 앞에 붙이면 숨김 파일 처리, ls -a로 확인 가능
.gitignore 자체는 버전 관리가 필요 (commit의 대상)
.gitignore 속에 들어간 정보들은 commit되지 않는다.

gitignore.io 에서 java 키워드 입력해서 .gitignore 내용 자동 생성이 가능 (java, eclipse, intelleJ 등 입력)

-----------------------------------------------------------------------------------------------------------------------------------------------------------------------------------------------------------------

<Git Hub>




-----------------------------------------------------------------------------------------------------------------------------------------------------------------------------------------------------------------
